
══════════════════════════════════════════════════════════════
  [2026-03-06 12:08:51]  Phase 3 — frac0001  (frac=0.001)
  Resume-state saved every 50 epochs → checkpoints/frac0001/resume_state.pth
══════════════════════════════════════════════════════════════
  [2026-03-06 13:36:12]  frac0001 DONE

══════════════════════════════════════════════════════════════
  [2026-03-06 13:36:12]  Phase 3 — frac001  (frac=0.01)
  Resume-state saved every 50 epochs → checkpoints/frac001/resume_state.pth
══════════════════════════════════════════════════════════════
  [2026-03-06 15:10:34]  frac001 DONE

══════════════════════════════════════════════════════════════
  [2026-03-06 15:10:34]  Phase 3 — frac005  (frac=0.05)
  Resume-state saved every 50 epochs → checkpoints/frac005/resume_state.pth
══════════════════════════════════════════════════════════════
  [2026-03-06 17:05:32]  frac005 DONE

══════════════════════════════════════════════════════════════
  [2026-03-06 17:05:32]  Phase 3 — frac010  (frac=0.10)
  Resume-state saved every 50 epochs → checkpoints/frac010/resume_state.pth
══════════════════════════════════════════════════════════════
  [2026-03-06 19:22:33]  frac010 DONE

══════════════════════════════════════════════════════════════
  [2026-03-06 19:22:33]  Phase 3 — frac020  (frac=0.20)
  Resume-state saved every 50 epochs → checkpoints/frac020/resume_state.pth
══════════════════════════════════════════════════════════════
  [2026-03-06 22:19:33]  frac020 DONE

══════════════════════════════════════════════════════════════
  [2026-03-06 22:19:33]  Evaluating Phase-3 runs
══════════════════════════════════════════════════════════════
  Evaluating frac0001  weights=film_best ...
  Evaluating frac0001  weights=film_final ...
  Evaluating frac001  weights=film_best ...
  Evaluating frac001  weights=film_final ...
  Evaluating frac005  weights=film_best ...
  Evaluating frac005  weights=film_final ...
  Evaluating frac010  weights=film_best ...
  Evaluating frac010  weights=film_final ...
  Evaluating frac020  weights=film_best ...
  Evaluating frac020  weights=film_final ...
  [2026-03-06 22:37:28]  Evaluation DONE
  Results appended to logs/eval_all.log

══════════════════════════════════════════════════════════════
  All requested stages complete.
══════════════════════════════════════════════════════════════
