====== [Wed Mar  4 07:43:25 PM EST 2026] Starting 5% run (2500 epochs) ======
====== [Wed Mar  4 09:20:32 PM EST 2026] 5% run DONE ======
====== [Wed Mar  4 09:20:32 PM EST 2026] Starting evaluation of all runs ======

---------- frac100 / film_best ----------
Device: cuda:0
[CarSurface3DDataset] matched CSV rows with VTK files: 3991
[CarSurface3DDataset] designs loaded: 3991, skipped: 0
Loaded saved split indices from /home/nicksung/Desktop/nicksung/mf_field/hf_data/checkpoints_car_3d/frac100/split_indices.pt
Evaluating on 'test' split: 400 designs
Loaded weights from checkpoints_car_3d/frac100/film_best.pth

=================================================================
  FiLMNet3D Evaluation  –  test split  (400 designs)
  Run: frac100   Weights: film_best
=================================================================

--- Normalised space ---
  MAE        : 0.115570
  MSE        : 0.049674
  Relative L1: 0.194169  (19.417%)
  Relative L2: 0.218706  (21.871%)

--- Physical pressure units ---
  MAE        : 14.4138
  MSE        : 772.6736
  Relative L1: 0.117845  (11.785%)
  Relative L2: 0.175317  (17.532%)
=================================================================

Per-design results → /home/nicksung/Desktop/nicksung/mf_field/hf_data/checkpoints_car_3d/frac100/eval_test_film_best_per_design.csv
Summary            → /home/nicksung/Desktop/nicksung/mf_field/hf_data/checkpoints_car_3d/frac100/eval_test_film_best_summary.csv

---------- frac100 / film_final ----------
Device: cuda:0
[CarSurface3DDataset] matched CSV rows with VTK files: 3991
[CarSurface3DDataset] designs loaded: 3991, skipped: 0
Loaded saved split indices from /home/nicksung/Desktop/nicksung/mf_field/hf_data/checkpoints_car_3d/frac100/split_indices.pt
Evaluating on 'test' split: 400 designs
Loaded weights from checkpoints_car_3d/frac100/film_final.pth

=================================================================
  FiLMNet3D Evaluation  –  test split  (400 designs)
  Run: frac100   Weights: film_final
=================================================================

--- Normalised space ---
  MAE        : 0.118364
  MSE        : 0.053914
  Relative L1: 0.199119  (19.912%)
  Relative L2: 0.227875  (22.787%)

--- Physical pressure units ---
  MAE        : 14.7622
  MSE        : 838.6234
  Relative L1: 0.120684  (12.068%)
  Relative L2: 0.182609  (18.261%)
=================================================================

Per-design results → /home/nicksung/Desktop/nicksung/mf_field/hf_data/checkpoints_car_3d/frac100/eval_test_film_final_per_design.csv
Summary            → /home/nicksung/Desktop/nicksung/mf_field/hf_data/checkpoints_car_3d/frac100/eval_test_film_final_summary.csv

---------- frac020 / film_best ----------
Device: cuda:0
[CarSurface3DDataset] matched CSV rows with VTK files: 3991
[CarSurface3DDataset] designs loaded: 3991, skipped: 0
Loaded saved split indices from /home/nicksung/Desktop/nicksung/mf_field/hf_data/checkpoints_car_3d/frac020/split_indices.pt
Evaluating on 'test' split: 400 designs
Loaded weights from checkpoints_car_3d/frac020/film_best.pth

=================================================================
  FiLMNet3D Evaluation  –  test split  (400 designs)
  Run: frac020   Weights: film_best
=================================================================

--- Normalised space ---
  MAE        : 0.146713
  MSE        : 0.071541
  Relative L1: 0.245982  (24.598%)
  Relative L2: 0.261866  (26.187%)

--- Physical pressure units ---
  MAE        : 18.2979
  MSE        : 1112.8019
  Relative L1: 0.149536  (14.954%)
  Relative L2: 0.209931  (20.993%)
=================================================================

Per-design results → /home/nicksung/Desktop/nicksung/mf_field/hf_data/checkpoints_car_3d/frac020/eval_test_film_best_per_design.csv
Summary            → /home/nicksung/Desktop/nicksung/mf_field/hf_data/checkpoints_car_3d/frac020/eval_test_film_best_summary.csv

---------- frac020 / film_final ----------
Device: cuda:0
[CarSurface3DDataset] matched CSV rows with VTK files: 3991
[CarSurface3DDataset] designs loaded: 3991, skipped: 0
Loaded saved split indices from /home/nicksung/Desktop/nicksung/mf_field/hf_data/checkpoints_car_3d/frac020/split_indices.pt
Evaluating on 'test' split: 400 designs
Loaded weights from checkpoints_car_3d/frac020/film_final.pth

=================================================================
  FiLMNet3D Evaluation  –  test split  (400 designs)
  Run: frac020   Weights: film_final
=================================================================

--- Normalised space ---
  MAE        : 0.151365
  MSE        : 0.075394
  Relative L1: 0.253928  (25.393%)
  Relative L2: 0.269394  (26.939%)

--- Physical pressure units ---
  MAE        : 18.8780
  MSE        : 1172.7415
  Relative L1: 0.154336  (15.434%)
  Relative L2: 0.215968  (21.597%)
=================================================================

Per-design results → /home/nicksung/Desktop/nicksung/mf_field/hf_data/checkpoints_car_3d/frac020/eval_test_film_final_per_design.csv
Summary            → /home/nicksung/Desktop/nicksung/mf_field/hf_data/checkpoints_car_3d/frac020/eval_test_film_final_summary.csv

---------- frac010 / film_best ----------
Device: cuda:0
[CarSurface3DDataset] matched CSV rows with VTK files: 3991
[CarSurface3DDataset] designs loaded: 3991, skipped: 0
Loaded saved split indices from /home/nicksung/Desktop/nicksung/mf_field/hf_data/checkpoints_car_3d/frac010/split_indices.pt
Evaluating on 'test' split: 400 designs
Loaded weights from checkpoints_car_3d/frac010/film_best.pth

=================================================================
  FiLMNet3D Evaluation  –  test split  (400 designs)
  Run: frac010   Weights: film_best
=================================================================

--- Normalised space ---
  MAE        : 0.156133
  MSE        : 0.078464
  Relative L1: 0.262037  (26.204%)
  Relative L2: 0.274987  (27.499%)

--- Physical pressure units ---
  MAE        : 19.4727
  MSE        : 1220.4921
  Relative L1: 0.159217  (15.922%)
  Relative L2: 0.220407  (22.041%)
=================================================================

Per-design results → /home/nicksung/Desktop/nicksung/mf_field/hf_data/checkpoints_car_3d/frac010/eval_test_film_best_per_design.csv
Summary            → /home/nicksung/Desktop/nicksung/mf_field/hf_data/checkpoints_car_3d/frac010/eval_test_film_best_summary.csv
[SKIP] checkpoints_car_3d/frac010/film_final.pth not found

---------- frac005 / film_best ----------
Device: cuda:0
[CarSurface3DDataset] matched CSV rows with VTK files: 3991
[CarSurface3DDataset] designs loaded: 3991, skipped: 0
Loaded saved split indices from /home/nicksung/Desktop/nicksung/mf_field/hf_data/checkpoints_car_3d/frac005/split_indices.pt
Evaluating on 'test' split: 400 designs
Loaded weights from checkpoints_car_3d/frac005/film_best.pth

=================================================================
  FiLMNet3D Evaluation  –  test split  (400 designs)
  Run: frac005   Weights: film_best
=================================================================

--- Normalised space ---
  MAE        : 0.173129
  MSE        : 0.096061
  Relative L1: 0.290708  (29.071%)
  Relative L2: 0.304155  (30.415%)

--- Physical pressure units ---
  MAE        : 21.5925
  MSE        : 1494.2106
  Relative L1: 0.176431  (17.643%)
  Relative L2: 0.243770  (24.377%)
=================================================================

Per-design results → /home/nicksung/Desktop/nicksung/mf_field/hf_data/checkpoints_car_3d/frac005/eval_test_film_best_per_design.csv
Summary            → /home/nicksung/Desktop/nicksung/mf_field/hf_data/checkpoints_car_3d/frac005/eval_test_film_best_summary.csv

---------- frac005 / film_final ----------
Device: cuda:0
[CarSurface3DDataset] matched CSV rows with VTK files: 3991
[CarSurface3DDataset] designs loaded: 3991, skipped: 0
Loaded saved split indices from /home/nicksung/Desktop/nicksung/mf_field/hf_data/checkpoints_car_3d/frac005/split_indices.pt
Evaluating on 'test' split: 400 designs
Loaded weights from checkpoints_car_3d/frac005/film_final.pth

=================================================================
  FiLMNet3D Evaluation  –  test split  (400 designs)
  Run: frac005   Weights: film_final
=================================================================

--- Normalised space ---
  MAE        : 0.184841
  MSE        : 0.106712
  Relative L1: 0.310190  (31.019%)
  Relative L2: 0.319543  (31.954%)

--- Physical pressure units ---
  MAE        : 23.0531
  MSE        : 1659.8768
  Relative L1: 0.188374  (18.837%)
  Relative L2: 0.256093  (25.609%)
=================================================================

Per-design results → /home/nicksung/Desktop/nicksung/mf_field/hf_data/checkpoints_car_3d/frac005/eval_test_film_final_per_design.csv
Summary            → /home/nicksung/Desktop/nicksung/mf_field/hf_data/checkpoints_car_3d/frac005/eval_test_film_final_summary.csv

====== [Wed Mar  4 09:32:56 PM EST 2026] ALL EVALUATIONS COMPLETE ======
