Device: cuda:0  (NVIDIA GeForce RTX 4090)
[CarSurface3DDataset] matched CSV rows with VTK files: 3991
[CarSurface3DDataset] Computing normalisation stats …
[CarSurface3DDataset] Norm stats computed from 3991 designs
[CarSurface3DDataset] designs loaded: 3991, skipped: 0
Saved norm stats → /home/nicksung/Desktop/nicksung/mf_field/hf_data/checkpoints_car_3d/frac100/norm_stats.json
Train (full): 3192, Val: 399, Test: 400
Model parameters: 8,682,497
[00001] train=7.8151e-01  val=5.7345e-01  <-- BEST
[00002] train=4.2302e-01  val=3.8947e-01  <-- BEST
[00003] train=3.4147e-01  val=3.1611e-01  <-- BEST
[00004] train=2.5717e-01  val=2.0957e-01  <-- BEST
[00005] train=1.8670e-01  val=1.7114e-01  <-- BEST
[00006] train=1.5925e-01  val=1.5563e-01  <-- BEST
[00007] train=1.4048e-01  val=1.3214e-01  <-- BEST
[00008] train=1.2806e-01  val=1.2079e-01  <-- BEST
[00009] train=1.2144e-01  val=1.1040e-01  <-- BEST
[00010] train=1.1308e-01  val=1.0412e-01  <-- BEST
[00012] train=1.1618e-01  val=9.1588e-02  <-- BEST
[00014] train=9.9797e-02  val=9.0704e-02  <-- BEST
[00017] train=9.0346e-02  val=8.0001e-02  <-- BEST
[00018] train=8.7880e-02  val=7.4383e-02  <-- BEST
[00026] train=8.1558e-02  val=6.6156e-02  <-- BEST
[00036] train=7.1336e-02  val=6.6028e-02  <-- BEST
[00041] train=6.6897e-02  val=6.1822e-02  <-- BEST
[00042] train=7.0048e-02  val=5.9682e-02  <-- BEST
[00050] train=6.3742e-02  val=6.7164e-02
[00064] train=6.4140e-02  val=5.2686e-02  <-- BEST
[00074] train=5.8673e-02  val=5.1614e-02  <-- BEST
[00100] train=5.3913e-02  val=6.6048e-02
[00104] train=5.3216e-02  val=5.1362e-02  <-- BEST
[00130] train=4.8722e-02  val=5.0720e-02  <-- BEST
[00136] train=4.6014e-02  val=5.0438e-02  <-- BEST
[00138] train=4.5230e-02  val=5.0206e-02  <-- BEST
[00150] train=4.7524e-02  val=5.8502e-02
[00152] train=4.9412e-02  val=4.9815e-02  <-- BEST
[00200] train=3.9494e-02  val=5.1050e-02
[00250] train=3.7210e-02  val=5.3694e-02
[00300] train=3.6566e-02  val=5.2029e-02
[00309] train=3.5452e-02  val=4.9367e-02  <-- BEST
[00350] train=3.5120e-02  val=5.1582e-02
[00400] train=3.2638e-02  val=5.4096e-02
[00403] train=3.0967e-02  val=4.8604e-02  <-- BEST
[00450] train=3.4606e-02  val=5.3382e-02
[00500] train=3.4044e-02  val=5.2822e-02
  Periodic checkpoint saved (epoch 500)
[00521] train=3.1908e-02  val=4.8040e-02  <-- BEST
[00550] train=3.0510e-02  val=5.0176e-02
[00588] train=2.9772e-02  val=4.7897e-02  <-- BEST
[00594] train=2.8932e-02  val=4.7600e-02  <-- BEST
[00600] train=2.9594e-02  val=5.1144e-02
[00650] train=2.7338e-02  val=5.1386e-02
[00700] train=2.9908e-02  val=5.0676e-02
[00750] train=3.4033e-02  val=5.1234e-02
[00800] train=2.7813e-02  val=6.3951e-02
[00850] train=2.7396e-02  val=5.5640e-02
[00900] train=2.9385e-02  val=5.2943e-02
[00950] train=2.8384e-02  val=5.1908e-02
[00971] train=2.5633e-02  val=4.7548e-02  <-- BEST
[01000] train=2.7000e-02  val=5.4655e-02
  Periodic checkpoint saved (epoch 1000)
[01050] train=2.4538e-02  val=5.0242e-02
[01100] train=2.5858e-02  val=5.1723e-02
[01150] train=2.8480e-02  val=4.9155e-02
[01179] train=2.3442e-02  val=4.7541e-02  <-- BEST
[01200] train=2.2718e-02  val=5.2160e-02
[01250] train=2.4473e-02  val=5.0696e-02
[01300] train=3.1423e-02  val=5.0720e-02
[01350] train=2.4138e-02  val=5.3541e-02
[01400] train=2.3556e-02  val=5.4863e-02
[01450] train=2.6925e-02  val=5.3214e-02
[01490] train=2.1350e-02  val=4.7527e-02  <-- BEST
[01500] train=2.1364e-02  val=4.9206e-02
  Periodic checkpoint saved (epoch 1500)
[01524] train=2.0214e-02  val=4.7491e-02  <-- BEST
[01550] train=2.3051e-02  val=5.0050e-02
[01600] train=2.0939e-02  val=5.0896e-02
[01650] train=2.1645e-02  val=5.1815e-02
[01700] train=2.2759e-02  val=5.0114e-02
[01750] train=2.2253e-02  val=4.9454e-02
[01800] train=2.3949e-02  val=5.3402e-02
[01850] train=2.1902e-02  val=5.1063e-02
[01900] train=1.8990e-02  val=4.9313e-02
[01950] train=2.1778e-02  val=5.4189e-02
[02000] train=1.9948e-02  val=5.1223e-02
  Periodic checkpoint saved (epoch 2000)
[02050] train=2.1452e-02  val=5.2027e-02
[02100] train=1.8278e-02  val=5.0038e-02
[02150] train=2.0831e-02  val=5.2034e-02
[02200] train=1.8848e-02  val=5.1866e-02
[02250] train=1.9754e-02  val=5.1428e-02
[02300] train=2.0999e-02  val=5.1715e-02
[02350] train=1.7874e-02  val=5.2811e-02
[02400] train=2.1568e-02  val=6.0569e-02
[02450] train=1.8354e-02  val=5.2579e-02
[02500] train=1.8364e-02  val=4.9387e-02
  Periodic checkpoint saved (epoch 2500)
[02550] train=1.7579e-02  val=5.1867e-02
[02600] train=1.7154e-02  val=5.2732e-02
[02650] train=1.7856e-02  val=4.9084e-02
[02700] train=1.4163e-02  val=5.2029e-02
[02750] train=1.6836e-02  val=5.0041e-02
[02800] train=1.5932e-02  val=5.0660e-02
[02850] train=1.5636e-02  val=5.2060e-02
[02900] train=1.5387e-02  val=5.1046e-02
[02950] train=1.3775e-02  val=5.0969e-02
[03000] train=1.4376e-02  val=5.1675e-02
  Periodic checkpoint saved (epoch 3000)
[03050] train=1.3266e-02  val=5.1501e-02
[03100] train=1.4627e-02  val=5.4249e-02
[03150] train=1.3688e-02  val=5.0555e-02
[03200] train=1.3064e-02  val=5.1014e-02
[03250] train=1.3783e-02  val=5.1044e-02
[03300] train=1.2460e-02  val=4.9234e-02
[03350] train=1.2200e-02  val=5.0789e-02
[03400] train=1.2428e-02  val=5.4122e-02
[03450] train=1.3728e-02  val=5.1087e-02
[03500] train=1.1641e-02  val=5.3583e-02
  Periodic checkpoint saved (epoch 3500)
[03550] train=1.1273e-02  val=5.2347e-02
[03600] train=1.1762e-02  val=5.2022e-02
[03650] train=1.2011e-02  val=5.1109e-02
[03700] train=1.2841e-02  val=7.3416e-02
[03750] train=1.0470e-02  val=5.4504e-02
[03800] train=1.0292e-02  val=5.1045e-02
[03850] train=1.0597e-02  val=5.2176e-02
[03900] train=1.0348e-02  val=5.4383e-02
[03950] train=1.0729e-02  val=5.2431e-02
[04000] train=1.0296e-02  val=5.6216e-02
  Periodic checkpoint saved (epoch 4000)
[04050] train=9.5399e-03  val=5.3825e-02
[04100] train=9.3902e-03  val=5.1628e-02
[04150] train=9.5544e-03  val=5.3386e-02
[04200] train=9.4410e-03  val=5.2198e-02
[04250] train=9.2013e-03  val=5.4692e-02
[04300] train=9.3396e-03  val=5.0972e-02
[04350] train=9.5311e-03  val=5.4392e-02
[04400] train=9.0793e-03  val=5.1933e-02
[04450] train=9.3659e-03  val=5.3483e-02
[04500] train=9.1590e-03  val=5.3613e-02
  Periodic checkpoint saved (epoch 4500)
[04550] train=9.0720e-03  val=5.2857e-02
[04600] train=9.0184e-03  val=5.4525e-02
[04650] train=8.9843e-03  val=5.5632e-02
[04700] train=8.7534e-03  val=5.2764e-02
[04750] train=8.7375e-03  val=5.3507e-02
[04800] train=8.9060e-03  val=5.4478e-02
[04850] train=8.6327e-03  val=5.4541e-02
[04900] train=8.5617e-03  val=5.2485e-02
[04950] train=8.5897e-03  val=5.5555e-02
[05000] train=8.9001e-03  val=5.4256e-02
  Periodic checkpoint saved (epoch 5000)

Done in 1010.0 min  (5000 epochs)
Best val MSE  : 4.7491e-02
Best weights  : /home/nicksung/Desktop/nicksung/mf_field/hf_data/checkpoints_car_3d/frac100/film_best.pth
Final weights : /home/nicksung/Desktop/nicksung/mf_field/hf_data/checkpoints_car_3d/frac100/film_final.pth
Loss curve    : /home/nicksung/Desktop/nicksung/mf_field/hf_data/checkpoints_car_3d/frac100/loss_curve.png
