Device: cuda:0  (NVIDIA GeForce RTX 4090)
[CarSurface3DDataset] matched CSV rows with VTK files: 3991
[CarSurface3DDataset] Computing normalisation stats …
[CarSurface3DDataset] Norm stats computed from 3991 designs
[CarSurface3DDataset] designs loaded: 3991, skipped: 0
Saved norm stats → /home/nicksung/Desktop/nicksung/mf_field/hf_data/checkpoints_car_3d/frac010/norm_stats.json
Train (full): 3192, Val: 399, Test: 400
Subsampled training set: 319 designs (10% of full train)
Model parameters: 8,682,497
[00001] train=1.0102e+00  val=9.9550e-01  <-- BEST
[00002] train=1.0031e+00  val=9.4370e-01  <-- BEST
[00003] train=9.4080e-01  val=9.2076e-01  <-- BEST
[00005] train=9.8572e-01  val=9.0724e-01  <-- BEST
[00006] train=9.6361e-01  val=8.7621e-01  <-- BEST
[00007] train=8.1031e-01  val=7.4653e-01  <-- BEST
[00009] train=7.2965e-01  val=6.4015e-01  <-- BEST
[00010] train=6.0600e-01  val=5.6920e-01  <-- BEST
[00011] train=5.4379e-01  val=5.1453e-01  <-- BEST
[00012] train=5.1853e-01  val=4.8728e-01  <-- BEST
[00014] train=4.7951e-01  val=4.6269e-01  <-- BEST
[00015] train=4.8414e-01  val=4.6122e-01  <-- BEST
[00016] train=4.5031e-01  val=4.3816e-01  <-- BEST
[00018] train=4.5220e-01  val=4.1135e-01  <-- BEST
[00021] train=4.2862e-01  val=3.8233e-01  <-- BEST
[00022] train=3.8753e-01  val=3.7944e-01  <-- BEST
[00024] train=4.0336e-01  val=3.5392e-01  <-- BEST
[00025] train=3.4525e-01  val=3.2634e-01  <-- BEST
[00026] train=3.3722e-01  val=3.2301e-01  <-- BEST
[00028] train=3.0780e-01  val=2.8390e-01  <-- BEST
[00029] train=2.9306e-01  val=2.8383e-01  <-- BEST
[00034] train=2.9159e-01  val=2.7361e-01  <-- BEST
[00035] train=2.6656e-01  val=2.4162e-01  <-- BEST
[00036] train=2.5349e-01  val=2.3654e-01  <-- BEST
[00038] train=2.7711e-01  val=2.3258e-01  <-- BEST
[00039] train=2.2131e-01  val=2.1356e-01  <-- BEST
[00041] train=2.3259e-01  val=1.9410e-01  <-- BEST
[00046] train=2.1098e-01  val=1.8177e-01  <-- BEST
[00049] train=1.8386e-01  val=1.7023e-01  <-- BEST
[00050] train=1.7421e-01  val=1.5995e-01  <-- BEST
[00057] train=1.5456e-01  val=1.5195e-01  <-- BEST
[00058] train=1.3962e-01  val=1.4154e-01  <-- BEST
[00060] train=1.6325e-01  val=1.3096e-01  <-- BEST
[00066] train=1.2712e-01  val=1.2718e-01  <-- BEST
[00067] train=1.4707e-01  val=1.2484e-01  <-- BEST
[00068] train=1.2418e-01  val=1.2292e-01  <-- BEST
[00070] train=1.3201e-01  val=1.2207e-01  <-- BEST
[00073] train=1.1729e-01  val=1.1819e-01  <-- BEST
[00076] train=1.2903e-01  val=1.1522e-01  <-- BEST
[00082] train=1.1852e-01  val=1.0745e-01  <-- BEST
[00095] train=1.0163e-01  val=1.0544e-01  <-- BEST
[00096] train=9.8963e-02  val=1.0161e-01  <-- BEST
[00100] train=1.0751e-01  val=1.2726e-01
[00122] train=1.1097e-01  val=9.7282e-02  <-- BEST
[00127] train=8.6079e-02  val=9.7026e-02  <-- BEST
[00141] train=9.2209e-02  val=9.6630e-02  <-- BEST
[00144] train=8.2483e-02  val=9.6533e-02  <-- BEST
[00146] train=8.6756e-02  val=9.3724e-02  <-- BEST
[00150] train=7.9286e-02  val=1.0313e-01
[00167] train=9.6741e-02  val=9.2635e-02  <-- BEST
[00173] train=8.4049e-02  val=9.0326e-02  <-- BEST
[00176] train=7.5408e-02  val=9.0190e-02  <-- BEST
[00190] train=1.0123e-01  val=8.8293e-02  <-- BEST
[00200] train=7.5367e-02  val=9.2623e-02
[00234] train=7.4858e-02  val=8.7637e-02  <-- BEST
[00250] train=7.6207e-02  val=8.7228e-02  <-- BEST
[00265] train=6.0787e-02  val=8.5150e-02  <-- BEST
[00300] train=5.9105e-02  val=1.0657e-01
[00334] train=4.0166e-02  val=8.4358e-02  <-- BEST
[00350] train=5.4529e-02  val=1.0039e-01
[00351] train=4.8146e-02  val=8.1763e-02  <-- BEST
[00400] train=4.1401e-02  val=8.7602e-02
[00450] train=7.2955e-02  val=1.1075e-01
[00500] train=4.5301e-02  val=1.0536e-01
  Periodic checkpoint saved (epoch 500)
[00550] train=6.2546e-02  val=9.9675e-02
[00600] train=4.0404e-02  val=9.2053e-02
[00650] train=3.8168e-02  val=9.2520e-02
[00700] train=3.0908e-02  val=8.2257e-02
[00750] train=4.9293e-02  val=9.0967e-02
[00800] train=2.9333e-02  val=8.8596e-02
[00839] train=2.7630e-02  val=8.0873e-02  <-- BEST
[00850] train=2.7527e-02  val=8.6035e-02
[00881] train=2.2920e-02  val=7.9820e-02  <-- BEST
[00900] train=3.1506e-02  val=8.6770e-02
[00914] train=2.3251e-02  val=7.8259e-02  <-- BEST
[00950] train=4.1059e-02  val=8.7527e-02
[01000] train=2.1196e-02  val=8.0844e-02
  Periodic checkpoint saved (epoch 1000)
[01050] train=2.6992e-02  val=8.2902e-02
[01100] train=4.8871e-02  val=9.4606e-02
[01150] train=2.0774e-02  val=8.4450e-02
[01200] train=4.6278e-02  val=8.2675e-02
[01250] train=2.0532e-02  val=8.6524e-02
[01300] train=1.7990e-02  val=8.5413e-02
[01327] train=1.8250e-02  val=7.8112e-02  <-- BEST
[01350] train=2.3730e-02  val=8.4930e-02
[01400] train=1.9037e-02  val=8.2285e-02
[01450] train=2.0050e-02  val=8.0428e-02
[01500] train=2.1413e-02  val=8.2161e-02
  Periodic checkpoint saved (epoch 1500)
[01550] train=1.8277e-02  val=8.9880e-02
[01580] train=1.6394e-02  val=7.7867e-02  <-- BEST
[01600] train=1.7753e-02  val=7.9881e-02
[01650] train=1.4182e-02  val=8.0274e-02
[01700] train=1.7248e-02  val=8.0400e-02
[01750] train=1.4699e-02  val=7.9307e-02
[01800] train=1.5559e-02  val=8.3888e-02
[01850] train=1.3977e-02  val=8.0724e-02
[01900] train=1.3986e-02  val=8.1038e-02
[01950] train=1.5412e-02  val=8.4673e-02
[02000] train=3.0738e-02  val=8.0879e-02
  Periodic checkpoint saved (epoch 2000)
[02050] train=1.4279e-02  val=8.1299e-02
[02100] train=1.4047e-02  val=8.1016e-02
[02150] train=1.4350e-02  val=8.1143e-02
[02166] train=1.3126e-02  val=7.7462e-02  <-- BEST
[02200] train=1.2236e-02  val=8.0674e-02
[02250] train=3.0487e-02  val=8.0552e-02
[02300] train=1.4929e-02  val=8.1023e-02
[02350] train=1.1446e-02  val=8.1712e-02
[02400] train=2.1680e-02  val=8.4062e-02
[02450] train=1.6995e-02  val=8.4340e-02
[02500] train=9.9050e-03  val=8.0206e-02
  Periodic checkpoint saved (epoch 2500)
[02550] train=3.6426e-02  val=8.4269e-02
[02600] train=1.4354e-02  val=8.3660e-02
[02650] train=1.1708e-02  val=8.2554e-02
[02700] train=9.9287e-03  val=8.4934e-02
[02750] train=1.6601e-02  val=8.3281e-02
[02800] train=2.4941e-02  val=8.4834e-02
[02850] train=1.1876e-02  val=8.4272e-02
[02900] train=1.1260e-02  val=8.3250e-02
[02950] train=2.7301e-02  val=8.3271e-02
[03000] train=6.3840e-03  val=8.3671e-02
  Periodic checkpoint saved (epoch 3000)
[03050] train=8.8965e-03  val=8.3807e-02
[03100] train=1.5552e-02  val=8.4472e-02
