Device: cuda:0  (NVIDIA GeForce RTX 4090)
[CarSurface3DDataset] matched CSV rows with VTK files: 3991
[CarSurface3DDataset] Computing normalisation stats …
[CarSurface3DDataset] Norm stats computed from 3991 designs
[CarSurface3DDataset] designs loaded: 3991, skipped: 0
Saved norm stats → /home/nicksung/Desktop/nicksung/mf_field/hf_data/checkpoints_car_3d/frac020/norm_stats.json
Train (full): 3192, Val: 399, Test: 400
Subsampled training set: 638 designs (20% of full train)
Model parameters: 8,682,497
[00001] train=1.0102e+00  val=9.9398e-01  <-- BEST
[00002] train=9.1663e-01  val=8.0973e-01  <-- BEST
[00003] train=7.6820e-01  val=6.9303e-01  <-- BEST
[00004] train=6.8686e-01  val=5.9603e-01  <-- BEST
[00005] train=5.5631e-01  val=4.9989e-01  <-- BEST
[00006] train=4.7332e-01  val=4.3849e-01  <-- BEST
[00007] train=4.2337e-01  val=4.0072e-01  <-- BEST
[00008] train=4.0153e-01  val=3.8522e-01  <-- BEST
[00009] train=3.9772e-01  val=3.8437e-01  <-- BEST
[00010] train=3.8707e-01  val=3.4735e-01  <-- BEST
[00012] train=3.4083e-01  val=3.1015e-01  <-- BEST
[00016] train=2.8853e-01  val=2.6117e-01  <-- BEST
[00017] train=2.7358e-01  val=2.4263e-01  <-- BEST
[00018] train=2.5091e-01  val=2.3643e-01  <-- BEST
[00019] train=2.3661e-01  val=2.3523e-01  <-- BEST
[00020] train=2.2863e-01  val=2.1749e-01  <-- BEST
[00022] train=1.9264e-01  val=1.9345e-01  <-- BEST
[00023] train=1.7175e-01  val=1.7519e-01  <-- BEST
[00027] train=1.7236e-01  val=1.5940e-01  <-- BEST
[00028] train=1.6485e-01  val=1.4873e-01  <-- BEST
[00034] train=1.3966e-01  val=1.3919e-01  <-- BEST
[00036] train=1.4915e-01  val=1.2911e-01  <-- BEST
[00038] train=1.2730e-01  val=1.1523e-01  <-- BEST
[00042] train=1.2251e-01  val=1.0950e-01  <-- BEST
[00045] train=1.2362e-01  val=1.0829e-01  <-- BEST
[00047] train=1.2012e-01  val=1.0526e-01  <-- BEST
[00050] train=1.0668e-01  val=1.1359e-01
[00052] train=1.1226e-01  val=1.0269e-01  <-- BEST
[00060] train=1.0275e-01  val=1.0158e-01  <-- BEST
[00063] train=1.1223e-01  val=9.8980e-02  <-- BEST
[00064] train=9.7992e-02  val=8.7448e-02  <-- BEST
[00072] train=1.0277e-01  val=8.6185e-02  <-- BEST
[00076] train=9.7389e-02  val=8.5999e-02  <-- BEST
[00082] train=8.9705e-02  val=8.3378e-02  <-- BEST
[00088] train=8.8696e-02  val=8.0694e-02  <-- BEST
[00100] train=8.6761e-02  val=7.8483e-02  <-- BEST
[00116] train=8.0653e-02  val=7.6351e-02  <-- BEST
[00120] train=7.7413e-02  val=7.5654e-02  <-- BEST
[00130] train=7.5146e-02  val=7.3435e-02  <-- BEST
[00150] train=7.6276e-02  val=8.4407e-02
[00157] train=7.0031e-02  val=7.3290e-02  <-- BEST
[00160] train=6.3036e-02  val=7.2874e-02  <-- BEST
[00167] train=7.2325e-02  val=7.2654e-02  <-- BEST
[00176] train=6.7146e-02  val=7.0644e-02  <-- BEST
[00200] train=6.2909e-02  val=7.5020e-02
[00250] train=5.2635e-02  val=8.5508e-02
[00300] train=5.0063e-02  val=7.7269e-02
[00350] train=4.8849e-02  val=7.9280e-02
[00400] train=3.8164e-02  val=7.3080e-02
[00450] train=5.3796e-02  val=7.5968e-02
[00500] train=3.3481e-02  val=7.4787e-02
  Periodic checkpoint saved (epoch 500)
[00550] train=3.1753e-02  val=7.8948e-02
[00588] train=2.5917e-02  val=6.7982e-02  <-- BEST
[00600] train=3.3289e-02  val=7.3110e-02
[00650] train=3.5694e-02  val=7.6080e-02
[00700] train=3.1570e-02  val=7.5169e-02
[00750] train=2.4176e-02  val=7.2291e-02
[00800] train=3.0742e-02  val=7.2365e-02
[00850] train=2.3779e-02  val=7.6437e-02
[00900] train=2.1368e-02  val=6.9501e-02
[00950] train=3.5580e-02  val=7.4705e-02
[01000] train=2.5686e-02  val=7.1860e-02
  Periodic checkpoint saved (epoch 1000)
[01050] train=2.6863e-02  val=7.4020e-02
[01100] train=2.8896e-02  val=7.7515e-02
[01106] train=1.9499e-02  val=6.7543e-02  <-- BEST
[01150] train=2.4218e-02  val=7.7476e-02
[01200] train=4.3654e-02  val=6.8778e-02
[01250] train=2.0851e-02  val=7.7508e-02
[01300] train=2.9292e-02  val=7.4130e-02
[01350] train=1.9072e-02  val=7.7492e-02
[01397] train=1.9652e-02  val=6.7253e-02  <-- BEST
[01400] train=1.7424e-02  val=7.1011e-02
[01450] train=1.6862e-02  val=6.9524e-02
[01500] train=3.2906e-02  val=6.9112e-02
  Periodic checkpoint saved (epoch 1500)
[01550] train=1.5892e-02  val=6.9791e-02
[01600] train=2.1316e-02  val=7.0351e-02
[01650] train=1.7846e-02  val=7.6423e-02
[01700] train=2.0105e-02  val=7.8119e-02
[01750] train=1.5420e-02  val=7.0915e-02
[01800] train=1.8628e-02  val=7.2889e-02
[01850] train=2.5770e-02  val=8.3611e-02
[01900] train=1.5111e-02  val=7.2060e-02
[01950] train=1.5504e-02  val=7.4933e-02
[02000] train=2.1815e-02  val=7.2713e-02
  Periodic checkpoint saved (epoch 2000)
[02050] train=1.5336e-02  val=7.1397e-02
[02100] train=2.1776e-02  val=7.1714e-02
[02150] train=1.1724e-02  val=7.0893e-02
[02200] train=1.1155e-02  val=6.9181e-02
[02250] train=1.2038e-02  val=7.1759e-02
[02300] train=1.0323e-02  val=7.1563e-02
[02350] train=1.4769e-02  val=7.5669e-02
[02400] train=9.6717e-03  val=7.1036e-02
[02450] train=2.2298e-02  val=7.9868e-02
[02500] train=9.1713e-03  val=6.8425e-02
  Periodic checkpoint saved (epoch 2500)
[02550] train=1.1379e-02  val=7.1445e-02
[02600] train=1.0019e-02  val=7.3414e-02
[02650] train=9.0039e-03  val=7.0913e-02
[02700] train=8.0842e-03  val=7.3106e-02
[02750] train=7.2865e-03  val=7.0131e-02
[02800] train=1.3590e-02  val=7.1582e-02
[02850] train=7.7823e-03  val=7.2397e-02
[02900] train=9.8793e-03  val=7.1733e-02
[02950] train=8.6299e-03  val=7.1063e-02
[03000] train=7.0598e-03  val=7.1247e-02
  Periodic checkpoint saved (epoch 3000)
[03050] train=9.0763e-03  val=7.2551e-02
[03100] train=5.4548e-03  val=6.9467e-02
[03150] train=5.6299e-03  val=7.1175e-02
[03200] train=6.8751e-03  val=7.0784e-02
[03250] train=1.0578e-02  val=7.1943e-02
[03300] train=6.6745e-03  val=7.0333e-02
[03350] train=6.9086e-03  val=7.1752e-02
[03400] train=4.4681e-03  val=7.2399e-02
[03450] train=4.6494e-03  val=7.1764e-02
[03500] train=5.3785e-03  val=7.2727e-02
  Periodic checkpoint saved (epoch 3500)
[03550] train=3.9004e-03  val=7.3355e-02
[03600] train=3.5422e-03  val=7.1828e-02
[03650] train=4.3731e-03  val=7.3517e-02
[03700] train=3.4690e-03  val=7.2393e-02
[03750] train=3.3714e-03  val=7.6368e-02
[03800] train=3.1958e-03  val=7.1113e-02
[03850] train=3.1974e-03  val=7.2520e-02
[03900] train=3.0678e-03  val=7.3513e-02
[03950] train=3.0384e-03  val=7.3228e-02
[04000] train=3.3652e-03  val=7.4857e-02
  Periodic checkpoint saved (epoch 4000)
[04050] train=3.3316e-03  val=7.3684e-02
[04100] train=2.9175e-03  val=7.1325e-02
[04150] train=2.8343e-03  val=7.5810e-02
[04200] train=2.7861e-03  val=7.2019e-02
[04250] train=2.7570e-03  val=7.4396e-02
[04300] train=2.7155e-03  val=7.2678e-02
[04350] train=2.6589e-03  val=7.6805e-02
[04400] train=2.6572e-03  val=7.4588e-02
[04450] train=2.6021e-03  val=7.4407e-02
[04500] train=2.6114e-03  val=7.4278e-02
  Periodic checkpoint saved (epoch 4500)
[04550] train=2.6130e-03  val=7.5164e-02
[04600] train=2.5457e-03  val=7.5312e-02
[04650] train=2.5222e-03  val=7.6032e-02
[04700] train=2.5026e-03  val=7.3837e-02
[04750] train=2.4822e-03  val=7.4153e-02
[04800] train=2.4759e-03  val=7.5479e-02
[04850] train=2.4698e-03  val=7.4699e-02
[04900] train=2.4444e-03  val=7.3114e-02
[04950] train=2.4773e-03  val=7.5534e-02
[05000] train=2.4791e-03  val=7.5330e-02
  Periodic checkpoint saved (epoch 5000)

Done in 314.8 min  (5000 epochs)
Best val MSE  : 6.7253e-02
Best weights  : /home/nicksung/Desktop/nicksung/mf_field/hf_data/checkpoints_car_3d/frac020/film_best.pth
Final weights : /home/nicksung/Desktop/nicksung/mf_field/hf_data/checkpoints_car_3d/frac020/film_final.pth
Loss curve    : /home/nicksung/Desktop/nicksung/mf_field/hf_data/checkpoints_car_3d/frac020/loss_curve.png
