Device: cuda:0  (NVIDIA GeForce RTX 4090)
[CarSurface3DDataset] matched CSV rows with VTK files: 3991
[CarSurface3DDataset] Computing normalisation stats …
[CarSurface3DDataset] Norm stats computed from 3991 designs
[CarSurface3DDataset] designs loaded: 3991, skipped: 0
Saved norm stats → /home/nicksung/Desktop/nicksung/mf_field/hf_data/checkpoints_car_3d/frac005/norm_stats.json
Train (full): 3192, Val: 399, Test: 400
Subsampled training set: 159 designs (5% of full train)
Model parameters: 8,682,497
[00001] train=1.0112e+00  val=9.9745e-01  <-- BEST
[00003] train=9.9424e-01  val=9.6576e-01  <-- BEST
[00008] train=9.7554e-01  val=9.5198e-01  <-- BEST
[00009] train=9.3052e-01  val=8.5656e-01  <-- BEST
[00010] train=8.5676e-01  val=8.1571e-01  <-- BEST
[00011] train=8.0804e-01  val=7.7928e-01  <-- BEST
[00014] train=7.5732e-01  val=7.3741e-01  <-- BEST
[00015] train=7.2779e-01  val=6.9034e-01  <-- BEST
[00016] train=6.9219e-01  val=6.5225e-01  <-- BEST
[00027] train=6.9308e-01  val=6.3226e-01  <-- BEST
[00028] train=6.0536e-01  val=5.6876e-01  <-- BEST
[00029] train=5.6139e-01  val=5.4769e-01  <-- BEST
[00030] train=5.4074e-01  val=5.2931e-01  <-- BEST
[00031] train=5.2353e-01  val=5.1679e-01  <-- BEST
[00032] train=5.1449e-01  val=4.9928e-01  <-- BEST
[00033] train=4.8379e-01  val=4.9785e-01  <-- BEST
[00034] train=4.9460e-01  val=4.9686e-01  <-- BEST
[00035] train=4.9648e-01  val=4.7432e-01  <-- BEST
[00036] train=4.6656e-01  val=4.5836e-01  <-- BEST
[00037] train=4.5603e-01  val=4.4550e-01  <-- BEST
[00039] train=4.3929e-01  val=4.3246e-01  <-- BEST
[00040] train=4.2664e-01  val=4.2522e-01  <-- BEST
[00042] train=4.2600e-01  val=4.1041e-01  <-- BEST
[00046] train=4.2099e-01  val=4.0962e-01  <-- BEST
[00047] train=3.9772e-01  val=3.8978e-01  <-- BEST
[00050] train=3.7839e-01  val=3.7261e-01  <-- BEST
[00052] train=3.9266e-01  val=3.6813e-01  <-- BEST
[00055] train=3.8355e-01  val=3.5972e-01  <-- BEST
[00056] train=3.6023e-01  val=3.4053e-01  <-- BEST
[00060] train=3.4524e-01  val=3.3039e-01  <-- BEST
[00061] train=3.1715e-01  val=3.2417e-01  <-- BEST
[00062] train=3.2064e-01  val=3.2124e-01  <-- BEST
[00063] train=3.0952e-01  val=2.9490e-01  <-- BEST
[00071] train=2.7946e-01  val=2.8033e-01  <-- BEST
[00072] train=2.6300e-01  val=2.6891e-01  <-- BEST
[00082] train=2.7772e-01  val=2.5174e-01  <-- BEST
[00083] train=2.4367e-01  val=2.4371e-01  <-- BEST
[00086] train=2.5676e-01  val=2.3595e-01  <-- BEST
[00089] train=2.3535e-01  val=2.1680e-01  <-- BEST
[00093] train=2.2437e-01  val=2.1435e-01  <-- BEST
[00100] train=1.9841e-01  val=2.0502e-01  <-- BEST
[00105] train=1.9041e-01  val=1.9442e-01  <-- BEST
[00106] train=1.7772e-01  val=1.8687e-01  <-- BEST
[00114] train=1.9096e-01  val=1.8093e-01  <-- BEST
[00115] train=1.7224e-01  val=1.7457e-01  <-- BEST
[00119] train=1.7300e-01  val=1.7440e-01  <-- BEST
[00124] train=1.5718e-01  val=1.7235e-01  <-- BEST
[00134] train=1.6413e-01  val=1.7063e-01  <-- BEST
[00136] train=1.5758e-01  val=1.6875e-01  <-- BEST
[00138] train=1.4538e-01  val=1.6066e-01  <-- BEST
[00140] train=1.4389e-01  val=1.5610e-01  <-- BEST
[00143] train=1.3790e-01  val=1.5221e-01  <-- BEST
[00144] train=1.4757e-01  val=1.5171e-01  <-- BEST
[00150] train=1.3165e-01  val=1.5465e-01
[00152] train=1.3550e-01  val=1.4597e-01  <-- BEST
[00168] train=1.2782e-01  val=1.3491e-01  <-- BEST
[00175] train=1.2814e-01  val=1.3411e-01  <-- BEST
[00182] train=1.0289e-01  val=1.3071e-01  <-- BEST
[00185] train=1.1578e-01  val=1.2967e-01  <-- BEST
[00187] train=1.1177e-01  val=1.2550e-01  <-- BEST
[00200] train=1.0052e-01  val=1.2730e-01
[00201] train=9.4803e-02  val=1.1624e-01  <-- BEST
[00249] train=8.5317e-02  val=1.1585e-01  <-- BEST
[00250] train=8.0909e-02  val=1.2598e-01
[00256] train=8.5977e-02  val=1.1224e-01  <-- BEST
[00262] train=8.6294e-02  val=1.1087e-01  <-- BEST
[00268] train=8.6329e-02  val=1.0784e-01  <-- BEST
[00300] train=8.0835e-02  val=1.1825e-01
[00304] train=7.3835e-02  val=1.0602e-01  <-- BEST
[00323] train=7.5233e-02  val=1.0432e-01  <-- BEST
[00350] train=8.2459e-02  val=1.2673e-01
[00357] train=6.6026e-02  val=1.0327e-01  <-- BEST
[00375] train=7.1465e-02  val=1.0048e-01  <-- BEST
[00400] train=6.7626e-02  val=1.1646e-01
[00403] train=7.5781e-02  val=1.0037e-01  <-- BEST
[00450] train=6.6456e-02  val=1.1921e-01
[00500] train=5.7161e-02  val=1.0704e-01
  Periodic checkpoint saved (epoch 500)
[00502] train=5.0369e-02  val=9.9518e-02  <-- BEST
[00550] train=4.7266e-02  val=1.0648e-01
[00600] train=4.7624e-02  val=1.1181e-01
[00650] train=3.9104e-02  val=1.0348e-01
[00700] train=3.6780e-02  val=1.0571e-01
[00750] train=3.3655e-02  val=1.1041e-01
[00800] train=3.0757e-02  val=1.0419e-01
[00815] train=2.9387e-02  val=9.8503e-02  <-- BEST
[00850] train=3.2365e-02  val=1.0791e-01
[00900] train=2.7526e-02  val=1.0700e-01
[00950] train=2.7552e-02  val=1.1195e-01
[00971] train=2.4135e-02  val=9.8166e-02  <-- BEST
[01000] train=2.4725e-02  val=1.0207e-01
  Periodic checkpoint saved (epoch 1000)
[01041] train=2.3167e-02  val=9.8024e-02  <-- BEST
[01050] train=2.4853e-02  val=9.8659e-02
[01100] train=1.9603e-02  val=1.0309e-01
[01150] train=1.8245e-02  val=9.9899e-02
[01200] train=1.8182e-02  val=1.0125e-01
[01250] train=1.6379e-02  val=1.0337e-01
[01300] train=1.4600e-02  val=1.0126e-01
[01350] train=1.7896e-02  val=1.0511e-01
[01400] train=1.3882e-02  val=1.0479e-01
[01450] train=1.4394e-02  val=1.0513e-01
[01500] train=9.1379e-03  val=1.0160e-01
  Periodic checkpoint saved (epoch 1500)
[01550] train=1.2864e-02  val=1.0246e-01
[01600] train=8.5131e-03  val=1.0558e-01
[01650] train=8.6014e-03  val=1.0718e-01
[01700] train=7.8486e-03  val=1.0556e-01
[01750] train=6.7930e-03  val=1.0686e-01
[01800] train=7.9905e-03  val=1.0787e-01
[01850] train=6.0450e-03  val=1.0793e-01
[01900] train=6.3387e-03  val=1.0687e-01
[01950] train=5.0715e-03  val=1.1051e-01
[02000] train=7.3407e-03  val=1.0882e-01
  Periodic checkpoint saved (epoch 2000)
[02050] train=5.5416e-03  val=1.0963e-01
[02100] train=4.8048e-03  val=1.1050e-01
[02150] train=4.4108e-03  val=1.1097e-01
[02200] train=3.9371e-03  val=1.1029e-01
[02250] train=4.2545e-03  val=1.1275e-01
[02300] train=3.9715e-03  val=1.1134e-01
[02350] train=4.2570e-03  val=1.1270e-01
[02400] train=3.9332e-03  val=1.1276e-01
[02450] train=4.2593e-03  val=1.1131e-01
[02500] train=4.1719e-03  val=1.0959e-01
  Periodic checkpoint saved (epoch 2500)

Done in 93.4 min  (2500 epochs)
Best val MSE  : 9.8024e-02
Best weights  : /home/nicksung/Desktop/nicksung/mf_field/hf_data/checkpoints_car_3d/frac005/film_best.pth
Final weights : /home/nicksung/Desktop/nicksung/mf_field/hf_data/checkpoints_car_3d/frac005/film_final.pth
Loss curve    : /home/nicksung/Desktop/nicksung/mf_field/hf_data/checkpoints_car_3d/frac005/loss_curve.png
