
══════════════════════════════════════════════════════════════
  [2026-03-06 23:02:59]  Training MFTransolver — frac0001  (frac=0.001)
  Resume-state saved every 50 epochs → checkpoints/frac0001/resume_state.pth
══════════════════════════════════════════════════════════════
  [2026-03-06 23:51:33]  frac0001 DONE

══════════════════════════════════════════════════════════════
  [2026-03-06 23:51:33]  Training MFTransolver — frac001  (frac=0.01)
  Resume-state saved every 50 epochs → checkpoints/frac001/resume_state.pth
══════════════════════════════════════════════════════════════
  [2026-03-07 00:36:38]  frac001 DONE

══════════════════════════════════════════════════════════════
  [2026-03-07 00:36:38]  Training MFTransolver — frac005  (frac=0.05)
  Resume-state saved every 50 epochs → checkpoints/frac005/resume_state.pth
══════════════════════════════════════════════════════════════
  [2026-03-07 01:28:28]  frac005 DONE

══════════════════════════════════════════════════════════════
  [2026-03-07 01:28:28]  Training MFTransolver — frac010  (frac=0.10)
  Resume-state saved every 50 epochs → checkpoints/frac010/resume_state.pth
══════════════════════════════════════════════════════════════
  [2026-03-07 02:28:34]  frac010 DONE

══════════════════════════════════════════════════════════════
  [2026-03-07 02:28:34]  Training MFTransolver — frac020  (frac=0.20)
  Resume-state saved every 50 epochs → checkpoints/frac020/resume_state.pth
══════════════════════════════════════════════════════════════
  [2026-03-07 03:46:54]  frac020 DONE

══════════════════════════════════════════════════════════════
  [2026-03-07 03:46:54]  Evaluating runs
══════════════════════════════════════════════════════════════
  Evaluating frac0001  weights=film_best ...
