[smoke] A3c_lf_uncov_cap__ifc_heat__c1__dnative cap=1 overrides=R3S3B3_DATA_BINDING_ASSERT=0
{
  "code_hash": "2e24d484de37908ed62febfe6206f29391ee3183a0a406c23078775a3e3ad407",
  "copylf_def_hash": "9794cc89f1647861a6188803361bdfbb571991c91f206685824a80a900ba09a7",
  "env": {
    "R3S3B3_ALIGNMENT_REPORT": "0",
    "R3S3B3_ANCHORS_JSON": "/resnick/groups/Hippo/ezeng/mf_field/mffp_autoresearch/round3/state/anchors/launch_anchors.json",
    "R3S3B3_ARM": "A3c_lf_uncov_cap",
    "R3S3B3_BLOCKS": "4",
    "R3S3B3_CELLS": "sharp__cahn_hilliard,sharp__allen_cahn_2d,sharp__fisher_kpp_2d,sharp__phase_field_crystal_2d,ifc_heat",
    "R3S3B3_CKPT_BINDING": "1",
    "R3S3B3_CKPT_EVERY_STEPS": "250",
    "R3S3B3_CLIP": "1.0",
    "R3S3B3_DATA_BINDING_ASSERT": "0",
    "R3S3B3_DUMP_TEST_PREDS": "1",
    "R3S3B3_FILM_DENOM_JSON": "/resnick/groups/Hippo/ezeng/mf_field/mffp_autoresearch/round3/state/anchors/film_denominator.json",
    "R3S3B3_FILM_UNITS": "1",
    "R3S3B3_FLOORS_JSON": "/resnick/groups/Hippo/ezeng/mf_field/mffp_autoresearch/round3/state/anchors_repaired/floors.json",
    "R3S3B3_FLOOR_TOL": "1e-9",
    "R3S3B3_FLOOR_TOLERANCES_JSON": "/resnick/groups/Hippo/ezeng/mf_field/mffp_autoresearch/round3/state/floor_tolerances.json",
    "R3S3B3_G5_FITSET_BAND": "1",
    "R3S3B3_GUARD_NSUB": "off",
    "R3S3B3_HARD_MASK_MODE": "rederive_model_free",
    "R3S3B3_HARD_MASK_TOPFRAC": "0.27",
    "R3S3B3_HF_BATCH": "5",
    "R3S3B3_LADDER_FROM_PREREG": "1",
    "R3S3B3_LAMBDA_LF": "1.0",
    "R3S3B3_LF_BATCH": "16",
    "R3S3B3_LF_COND_CAP": "1",
    "R3S3B3_LF_COND_SET": "uncovered",
    "R3S3B3_LF_LIFT": "match_copylf_convention",
    "R3S3B3_LF_ROW_MANIFEST": "1",
    "R3S3B3_LR": "1e-3",
    "R3S3B3_MCE_MODE": "certified_r3",
    "R3S3B3_MEAN_REMOVED_REPORT": "1",
    "R3S3B3_MODES_CAP": "12",
    "R3S3B3_MODE_POLICY": "pinned_min_rung_nyquist",
    "R3S3B3_NOISE_FLOOR_JSON": "/resnick/groups/Hippo/ezeng/mf_field/mffp_autoresearch/round3/state/anchors_repaired/noise_floor.json",
    "R3S3B3_N_HF": "5",
    "R3S3B3_PHASE": "C",
    "R3S3B3_PREREG_ASSERT": "1",
    "R3S3B3_PREREG_JSON": "/resnick/groups/Hippo/ezeng/mf_field/mffp_autoresearch/round3/state/r3s3_lf_value/prereg_knees_B3.json",
    "R3S3B3_PREREG_SHA256": "e98f6dc78ab18d80d75f4ef1f819525682d0d01c61e11081939dee30fcea3e2c",
    "R3S3B3_REF_ARMS": "nn_condition_n5,train_mean_n5,zero,affine_on_hf_train,nn_condition_full,train_mean_full",
    "R3S3B3_SCALER": "per_rung_max_fullpool",
    "R3S3B3_SCALER_INVARIANCE_ASSERT": "1",
    "R3S3B3_SCHED": "cosine",
    "R3S3B3_SPLIT_SEED": "native",
    "R3S3B3_STALE_CKPT_ASSERT": "1",
    "R3S3B3_STEPS_PER_EPOCH": "25",
    "R3S3B3_STRATIFY_ROWS": "1",
    "R3S3B3_TARGET_SCALE_AUDIT": "1",
    "R3S3B3_WD": "1e-5",
    "R3S3B3_WIDTH": "64"
  },
  "epochs": 2,
  "family": "r3s3_knee_prereg",
  "nrmse_def_hash": "d3d0ade9191c13bacc40702f3eb26ad290e01641cacee22a1d2233b74c035850",
  "panel_geomean_skill": 0.94164864079865,
  "per_dataset": {
    "ifc_heat": {
      "cached": false,
      "metric_source": "per_sample_mean",
      "nRMSE": 0.0696819994191001,
      "reference_type": "paper_bar",
      "skill": 0.94164864079865,
      "split": "test_hf"
    }
  },
  "seed": 0
}
